#-----------------------------------------------------------
# Vivado v2020.2 (64-bit)
# SW Build 3064766 on Wed Nov 18 09:12:45 MST 2020
# IP Build 3064653 on Wed Nov 18 14:17:31 MST 2020
# Start of session at: Tue Apr 26 23:46:41 2022
# Process ID: 12192
# Current directory: C:/DE1/digital-electronics-1/labs/Projekt/project_3
# Command line: vivado.exe -gui_launcher_event rodinguilauncherevent8044 C:\DE1\digital-electronics-1\labs\Projekt\project_3\project_3.xpr
# Log file: C:/DE1/digital-electronics-1/labs/Projekt/project_3/vivado.log
# Journal file: C:/DE1/digital-electronics-1/labs/Projekt/project_3\vivado.jou
#-----------------------------------------------------------
start_gui
open_project C:/DE1/digital-electronics-1/labs/Projekt/project_3/project_3.xpr
update_compile_order -fileset sources_1
launch_simulation
close_project
open_project C:/DE1/digital-electronics-1/labs/Projekt/project_3/project_3.xpr
update_compile_order -fileset sources_1
launch_simulation
close_project
open_project C:/DE1/digital-electronics-1/labs/Projekt/project_3/project_3.xpr
update_compile_order -fileset sources_1
launch_simulation
launch_simulation
launch_simulation
source tb_clock.tcl
run 3 s
current_wave_config {Untitled 1}
add_wave {{/tb_clock/uut/F_OUT}} 
run 3 s
run 3 s
run 3 s
close_sim
launch_simulation
source tb_clock.tcl
current_wave_config {Untitled 2}
add_wave {{/tb_clock/uut/F_OUT}} 
run 3 s
run 2 s
run 2 s
run 1 s
close_sim
launch_simulation
source tb_clock.tcl
run 2 s
current_wave_config {Untitled 3}
add_wave {{/tb_clock/uut/F_OUT}} 
run 2 s
close_sim
